Daily update at Sat Oct 25 17:06:49 UTC 2025
Daily update at Sun Oct 26 06:53:04 UTC 2025
Daily update at Mon Oct 27 06:57:37 UTC 2025
Daily update at Tue Oct 28 06:55:48 UTC 2025
Daily update at Wed Oct 29 06:56:02 UTC 2025
Daily update at Thu Oct 30 06:53:54 UTC 2025
Daily update at Fri Oct 31 06:54:36 UTC 2025
Daily update at Sat Nov  1 06:50:53 UTC 2025
Daily update at Sun Nov  2 06:51:55 UTC 2025
Daily update at Mon Nov  3 06:55:55 UTC 2025
Daily update at Tue Nov  4 06:55:48 UTC 2025
Daily update at Wed Nov  5 06:55:05 UTC 2025
Daily update at Thu Nov  6 06:55:46 UTC 2025
Daily update at Fri Nov  7 06:54:52 UTC 2025
Daily update at Sat Nov  8 06:51:10 UTC 2025
Daily update at Sun Nov  9 06:51:29 UTC 2025
Daily update at Mon Nov 10 06:56:05 UTC 2025
Daily update at Tue Nov 11 06:55:49 UTC 2025
Daily update at Wed Nov 12 06:55:41 UTC 2025
Daily update at Thu Nov 13 06:55:35 UTC 2025
Daily update at Fri Nov 14 06:55:21 UTC 2025
Daily update at Sat Nov 15 06:51:09 UTC 2025
Daily update at Sun Nov 16 06:52:34 UTC 2025
Daily update at Mon Nov 17 06:55:42 UTC 2025
Daily update at Tue Nov 18 06:54:41 UTC 2025
Daily update at Wed Nov 19 06:54:40 UTC 2025
Daily update at Thu Nov 20 06:54:32 UTC 2025
Daily update at Fri Nov 21 06:56:44 UTC 2025
Daily update at Sat Nov 22 06:51:40 UTC 2025
Daily update at Sun Nov 23 06:53:12 UTC 2025
Daily update at Mon Nov 24 06:56:03 UTC 2025
Daily update at Tue Nov 25 06:57:41 UTC 2025
Daily update at Wed Nov 26 06:56:41 UTC 2025
Daily update at Thu Nov 27 06:57:18 UTC 2025
Daily update at Fri Nov 28 06:56:41 UTC 2025
Daily update at Sat Nov 29 06:53:33 UTC 2025
Daily update at Sun Nov 30 06:54:04 UTC 2025
Daily update at Mon Dec  1 06:58:57 UTC 2025
Daily update at Tue Dec  2 06:58:08 UTC 2025
Daily update at Wed Dec  3 06:57:57 UTC 2025
Daily update at Thu Dec  4 06:57:49 UTC 2025
Daily update at Fri Dec  5 06:58:14 UTC 2025
Daily update at Sat Dec  6 06:52:40 UTC 2025
Daily update at Sun Dec  7 06:52:37 UTC 2025
Daily update at Mon Dec  8 07:00:17 UTC 2025
Daily update at Tue Dec  9 06:58:30 UTC 2025
Daily update at Wed Dec 10 06:58:57 UTC 2025
Daily update at Thu Dec 11 07:00:00 UTC 2025
Daily update at Fri Dec 12 06:59:22 UTC 2025
Daily update at Sat Dec 13 06:55:30 UTC 2025
Daily update at Sun Dec 14 06:55:17 UTC 2025
Daily update at Mon Dec 15 07:00:29 UTC 2025
Daily update at Tue Dec 16 07:00:03 UTC 2025
Daily update at Wed Dec 17 06:59:12 UTC 2025
Daily update at Thu Dec 18 06:59:02 UTC 2025
Daily update at Fri Dec 19 06:58:04 UTC 2025
Daily update at Sat Dec 20 06:54:52 UTC 2025
Daily update at Sun Dec 21 06:56:13 UTC 2025
Daily update at Mon Dec 22 07:00:10 UTC 2025
Daily update at Tue Dec 23 07:00:01 UTC 2025
Daily update at Wed Dec 24 06:59:58 UTC 2025
Daily update at Thu Dec 25 06:58:52 UTC 2025
Daily update at Fri Dec 26 06:58:30 UTC 2025
Daily update at Sat Dec 27 06:56:46 UTC 2025
Daily update at Sun Dec 28 06:57:00 UTC 2025
Daily update at Mon Dec 29 07:01:09 UTC 2025
Daily update at Tue Dec 30 06:59:25 UTC 2025
Daily update at Wed Dec 31 06:59:56 UTC 2025
Daily update at Thu Jan  1 06:59:38 UTC 2026
Daily update at Fri Jan  2 07:00:21 UTC 2026
Daily update at Sat Jan  3 06:57:01 UTC 2026
Daily update at Sun Jan  4 06:58:19 UTC 2026
Daily update at Mon Jan  5 07:04:53 UTC 2026
Daily update at Tue Jan  6 07:01:41 UTC 2026
Daily update at Wed Jan  7 07:00:46 UTC 2026
Daily update at Thu Jan  8 07:00:11 UTC 2026
Daily update at Fri Jan  9 07:00:47 UTC 2026
Daily update at Sat Jan 10 06:56:22 UTC 2026
Daily update at Sun Jan 11 06:58:24 UTC 2026
Daily update at Mon Jan 12 07:03:12 UTC 2026
Daily update at Tue Jan 13 07:01:06 UTC 2026
Daily update at Wed Jan 14 07:00:29 UTC 2026
Daily update at Thu Jan 15 07:00:54 UTC 2026
Daily update at Fri Jan 16 07:00:11 UTC 2026
Daily update at Sat Jan 17 06:56:46 UTC 2026
Daily update at Sun Jan 18 06:57:11 UTC 2026
Daily update at Mon Jan 19 07:05:42 UTC 2026
Daily update at Tue Jan 20 07:03:35 UTC 2026
Daily update at Wed Jan 21 07:03:39 UTC 2026
Daily update at Thu Jan 22 07:02:26 UTC 2026
Daily update at Fri Jan 23 07:01:45 UTC 2026
Daily update at Sat Jan 24 06:57:51 UTC 2026
Daily update at Sun Jan 25 06:59:15 UTC 2026
Daily update at Mon Jan 26 07:03:53 UTC 2026
Daily update at Tue Jan 27 07:02:33 UTC 2026
Daily update at Wed Jan 28 07:02:35 UTC 2026
Daily update at Thu Jan 29 07:28:03 UTC 2026
Daily update at Fri Jan 30 07:28:14 UTC 2026
Daily update at Sat Jan 31 07:06:52 UTC 2026
Daily update at Sun Feb  1 07:25:01 UTC 2026
Daily update at Mon Feb  2 07:36:18 UTC 2026
